Flow report for ALU
Tue Nov  4 12:08:19 2025
Quartus Prime Version 21.1.1 Build 850 06/23/2022 SJ Lite Edition


---------------------
; Table of Contents ;
---------------------
  1. Legal Notice
  2. Flow Summary
  3. Flow Settings
  4. Flow Non-Default Global Settings
  5. Flow Elapsed Time
  6. Flow OS Summary
  7. Flow Log
  8. Flow Messages
  9. Flow Suppressed Messages



----------------
; Legal Notice ;
----------------
Copyright (C) 2022  Intel Corporation. All rights reserved.
Your use of Intel Corporation's design tools, logic functions 
and other software and tools, and any partner logic 
functions, and any output files from any of the foregoing 
(including device programming or simulation files), and any 
associated documentation or information are expressly subject 
to the terms and conditions of the Intel Program License 
Subscription Agreement, the Intel Quartus Prime License Agreement,
the Intel FPGA IP License Agreement, or other applicable license
agreement, including, without limitation, that your use is for
the sole purpose of programming logic devices manufactured by
Intel and sold by Intel or its authorized distributors.  Please
refer to the applicable agreement for further details, at
https://fpgasoftware.intel.com/eula.



+----------------------------------------------------------------------------------+
; Flow Summary                                                                     ;
+------------------------------------+---------------------------------------------+
; Flow Status                        ; Successful - Tue Nov  4 12:08:19 2025       ;
; Quartus Prime Version              ; 21.1.1 Build 850 06/23/2022 SJ Lite Edition ;
; Revision Name                      ; ALU                                         ;
; Top-level Entity Name              ; ALU                                         ;
; Family                             ; Cyclone IV E                                ;
; Total logic elements               ; 80 / 6,272 ( 1 % )                          ;
;     Total combinational functions  ; 80 / 6,272 ( 1 % )                          ;
;     Dedicated logic registers      ; 0 / 6,272 ( 0 % )                           ;
; Total registers                    ; 0                                           ;
; Total pins                         ; 20 / 92 ( 22 % )                            ;
; Total virtual pins                 ; 0                                           ;
; Total memory bits                  ; 0 / 276,480 ( 0 % )                         ;
; Embedded Multiplier 9-bit elements ; 0 / 30 ( 0 % )                              ;
; Total PLLs                         ; 0 / 2 ( 0 % )                               ;
; Device                             ; EP4CE6E22C6                                 ;
; Timing Models                      ; Final                                       ;
+------------------------------------+---------------------------------------------+


+-----------------------------------------+
; Flow Settings                           ;
+-------------------+---------------------+
; Option            ; Setting             ;
+-------------------+---------------------+
; Start date & time ; 11/04/2025 12:07:53 ;
; Main task         ; Compilation         ;
; Revision Name     ; ALU                 ;
+-------------------+---------------------+


+-------------------------------------------------------------------------------------------------------------------------------------------------+
; Flow Non-Default Global Settings                                                                                                                ;
+-------------------------------------+-----------------------------------------+---------------+-------------+-----------------------------------+
; Assignment Name                     ; Value                                   ; Default Value ; Entity Name ; Section Id                        ;
+-------------------------------------+-----------------------------------------+---------------+-------------+-----------------------------------+
; COMPILER_SIGNATURE_ID               ; 238368719731819.176226887305984         ; --            ; --          ; --                                ;
; EDA_GENERATE_FUNCTIONAL_NETLIST     ; Off                                     ; --            ; --          ; eda_board_design_timing           ;
; EDA_GENERATE_FUNCTIONAL_NETLIST     ; Off                                     ; --            ; --          ; eda_board_design_boundary_scan    ;
; EDA_GENERATE_FUNCTIONAL_NETLIST     ; Off                                     ; --            ; --          ; eda_board_design_signal_integrity ;
; EDA_GENERATE_FUNCTIONAL_NETLIST     ; Off                                     ; --            ; --          ; eda_board_design_symbol           ;
; EDA_OUTPUT_DATA_FORMAT              ; Verilog Hdl                             ; --            ; --          ; eda_simulation                    ;
; EDA_SIMULATION_TOOL                 ; ModelSim (Verilog)                      ; <None>        ; --          ; --                                ;
; EDA_TIME_SCALE                      ; 1 ps                                    ; --            ; --          ; eda_simulation                    ;
; PARTITION_COLOR                     ; -- (Not supported for targeted family)  ; --            ; --          ; Top                               ;
; PARTITION_FITTER_PRESERVATION_LEVEL ; -- (Not supported for targeted family)  ; --            ; --          ; Top                               ;
; PARTITION_NETLIST_TYPE              ; -- (Not supported for targeted family)  ; --            ; --          ; Top                               ;
; PROJECT_OUTPUT_DIRECTORY            ; output_files                            ; --            ; --          ; --                                ;
; SEARCH_PATH                         ; ../unidadeandxor                        ; --            ; --          ; --                                ;
; SEARCH_PATH                         ; ../xor                                  ; --            ; --          ; --                                ;
; SEARCH_PATH                         ; ../unidadelogica                        ; --            ; --          ; --                                ;
; SEARCH_PATH                         ; ../unidadearitmetica                    ; --            ; --          ; --                                ;
; SEARCH_PATH                         ; ../subtratorseisbits                    ; --            ; --          ; --                                ;
; SEARCH_PATH                         ; ../subtrator6bits                       ; --            ; --          ; --                                ;
; SEARCH_PATH                         ; ../somadorseisbits                      ; --            ; --          ; --                                ;
; SEARCH_PATH                         ; ../somador                              ; --            ; --          ; --                                ;
; SEARCH_PATH                         ; ../muxsinal                             ; --            ; --          ; --                                ;
; SEARCH_PATH                         ; ../muxmagnitude                         ; --            ; --          ; --                                ;
; SEARCH_PATH                         ; ../muxdozeseis                          ; --            ; --          ; --                                ;
; SEARCH_PATH                         ; ../mux7segmentos                        ; --            ; --          ; --                                ;
; SEARCH_PATH                         ; ../minimux7seg                          ; --            ; --          ; --                                ;
; SEARCH_PATH                         ; ../minimux                              ; --            ; --          ; --                                ;
; SEARCH_PATH                         ; ../displayoutput                        ; --            ; --          ; --                                ;
; SEARCH_PATH                         ; ../displayledsentradasaida/output_files ; --            ; --          ; --                                ;
; SEARCH_PATH                         ; ../displayledsentradasaida              ; --            ; --          ; --                                ;
; SEARCH_PATH                         ; ../displayinput                         ; --            ; --          ; --                                ;
; SEARCH_PATH                         ; ../descomplementador                    ; --            ; --          ; --                                ;
; SEARCH_PATH                         ; ../conversor5bitspara6bits              ; --            ; --          ; --                                ;
; SEARCH_PATH                         ; ../complementodois                      ; --            ; --          ; --                                ;
; SEARCH_PATH                         ; ../comparador                           ; --            ; --          ; --                                ;
; SEARCH_PATH                         ; ../and                                  ; --            ; --          ; --                                ;
; SEARCH_PATH                         ; ../alu                                  ; --            ; --          ; --                                ;
+-------------------------------------+-----------------------------------------+---------------+-------------+-----------------------------------+


+--------------------------------------------------------------------------------------------------------------------------+
; Flow Elapsed Time                                                                                                        ;
+----------------------+--------------+-------------------------+---------------------+------------------------------------+
; Module Name          ; Elapsed Time ; Average Processors Used ; Peak Virtual Memory ; Total CPU Time (on all processors) ;
+----------------------+--------------+-------------------------+---------------------+------------------------------------+
; Analysis & Synthesis ; 00:00:10     ; 1.0                     ; 4793 MB             ; 00:00:09                           ;
; Fitter               ; 00:00:06     ; 1.1                     ; 6525 MB             ; 00:00:02                           ;
; Assembler            ; 00:00:03     ; 1.0                     ; 4711 MB             ; 00:00:00                           ;
; Timing Analyzer      ; 00:00:04     ; 1.1                     ; 4903 MB             ; 00:00:01                           ;
; EDA Netlist Writer   ; 00:00:03     ; 1.0                     ; 4660 MB             ; 00:00:00                           ;
; Total                ; 00:00:26     ; --                      ; --                  ; 00:00:12                           ;
+----------------------+--------------+-------------------------+---------------------+------------------------------------+


+------------------------------------------------------------------------------------+
; Flow OS Summary                                                                    ;
+----------------------+------------------+------------+------------+----------------+
; Module Name          ; Machine Hostname ; OS Name    ; OS Version ; Processor type ;
+----------------------+------------------+------------+------------+----------------+
; Analysis & Synthesis ; HWC29            ; Windows 10 ; 10.0       ; x86_64         ;
; Fitter               ; HWC29            ; Windows 10 ; 10.0       ; x86_64         ;
; Assembler            ; HWC29            ; Windows 10 ; 10.0       ; x86_64         ;
; Timing Analyzer      ; HWC29            ; Windows 10 ; 10.0       ; x86_64         ;
; EDA Netlist Writer   ; HWC29            ; Windows 10 ; 10.0       ; x86_64         ;
+----------------------+------------------+------------+------------+----------------+


------------
; Flow Log ;
------------
quartus_map --read_settings_files=on --write_settings_files=off ALU -c ALU
quartus_fit --read_settings_files=off --write_settings_files=off ALU -c ALU
quartus_asm --read_settings_files=off --write_settings_files=off ALU -c ALU
quartus_sta ALU -c ALU
quartus_eda --read_settings_files=off --write_settings_files=off ALU -c ALU



