Analysis & Synthesis report for displayLedsEntradaSaida
Mon Nov  3 15:09:42 2025
Quartus Prime Version 24.1std.0 Build 1077 03/04/2025 SC Lite Edition


---------------------
; Table of Contents ;
---------------------
  1. Legal Notice
  2. Analysis & Synthesis Summary
  3. Analysis & Synthesis Settings
  4. Parallel Compilation
  5. Analysis & Synthesis Source Files Read
  6. Analysis & Synthesis Resource Usage Summary
  7. Analysis & Synthesis Resource Utilization by Entity
  8. General Register Statistics
  9. Post-Synthesis Netlist Statistics for Top Partition
 10. Elapsed Time Per Partition
 11. Analysis & Synthesis Messages



----------------
; Legal Notice ;
----------------
Copyright (C) 2025  Altera Corporation. All rights reserved.
Your use of Altera Corporation's design tools, logic functions 
and other software and tools, and any partner logic 
functions, and any output files from any of the foregoing 
(including device programming or simulation files), and any 
associated documentation or information are expressly subject 
to the terms and conditions of the Altera Program License 
Subscription Agreement, the Altera Quartus Prime License Agreement,
the Altera IP License Agreement, or other applicable license
agreement, including, without limitation, that your use is for
the sole purpose of programming logic devices manufactured by
Altera and sold by Altera or its authorized distributors.  Please
refer to the Altera Software License Subscription Agreements 
on the Quartus Prime software download page.



+--------------------------------------------------------------------------------------+
; Analysis & Synthesis Summary                                                         ;
+------------------------------------+-------------------------------------------------+
; Analysis & Synthesis Status        ; Successful - Mon Nov  3 15:09:42 2025           ;
; Quartus Prime Version              ; 24.1std.0 Build 1077 03/04/2025 SC Lite Edition ;
; Revision Name                      ; displayLedsEntradaSaida                         ;
; Top-level Entity Name              ; inputDisplay                                    ;
; Family                             ; Cyclone IV E                                    ;
; Total logic elements               ; 16                                              ;
;     Total combinational functions  ; 16                                              ;
;     Dedicated logic registers      ; 0                                               ;
; Total registers                    ; 0                                               ;
; Total pins                         ; 48                                              ;
; Total virtual pins                 ; 0                                               ;
; Total memory bits                  ; 0                                               ;
; Embedded Multiplier 9-bit elements ; 0                                               ;
; Total PLLs                         ; 0                                               ;
+------------------------------------+-------------------------------------------------+


+-----------------------------------------------------------------------------------------------------------------+
; Analysis & Synthesis Settings                                                                                   ;
+------------------------------------------------------------------+--------------------+-------------------------+
; Option                                                           ; Setting            ; Default Value           ;
+------------------------------------------------------------------+--------------------+-------------------------+
; Device                                                           ; EP4CE115F29C7      ;                         ;
; Top-level entity name                                            ; inputDisplay       ; displayLedsEntradaSaida ;
; Family name                                                      ; Cyclone IV E       ; Cyclone V               ;
; Use smart compilation                                            ; Off                ; Off                     ;
; Enable parallel Assembler and Timing Analyzer during compilation ; On                 ; On                      ;
; Enable compact report table                                      ; Off                ; Off                     ;
; Restructure Multiplexers                                         ; Auto               ; Auto                    ;
; Create Debugging Nodes for IP Cores                              ; Off                ; Off                     ;
; Preserve fewer node names                                        ; On                 ; On                      ;
; Intel FPGA IP Evaluation Mode                                    ; Enable             ; Enable                  ;
; Verilog Version                                                  ; Verilog_2001       ; Verilog_2001            ;
; VHDL Version                                                     ; VHDL_1993          ; VHDL_1993               ;
; State Machine Processing                                         ; Auto               ; Auto                    ;
; Safe State Machine                                               ; Off                ; Off                     ;
; Extract Verilog State Machines                                   ; On                 ; On                      ;
; Extract VHDL State Machines                                      ; On                 ; On                      ;
; Ignore Verilog initial constructs                                ; Off                ; Off                     ;
; Iteration limit for constant Verilog loops                       ; 5000               ; 5000                    ;
; Iteration limit for non-constant Verilog loops                   ; 250                ; 250                     ;
; Add Pass-Through Logic to Inferred RAMs                          ; On                 ; On                      ;
; Infer RAMs from Raw Logic                                        ; On                 ; On                      ;
; Parallel Synthesis                                               ; On                 ; On                      ;
; DSP Block Balancing                                              ; Auto               ; Auto                    ;
; NOT Gate Push-Back                                               ; On                 ; On                      ;
; Power-Up Don't Care                                              ; On                 ; On                      ;
; Remove Redundant Logic Cells                                     ; Off                ; Off                     ;
; Remove Duplicate Registers                                       ; On                 ; On                      ;
; Ignore CARRY Buffers                                             ; Off                ; Off                     ;
; Ignore CASCADE Buffers                                           ; Off                ; Off                     ;
; Ignore GLOBAL Buffers                                            ; Off                ; Off                     ;
; Ignore ROW GLOBAL Buffers                                        ; Off                ; Off                     ;
; Ignore LCELL Buffers                                             ; Off                ; Off                     ;
; Ignore SOFT Buffers                                              ; On                 ; On                      ;
; Limit AHDL Integers to 32 Bits                                   ; Off                ; Off                     ;
; Optimization Technique                                           ; Balanced           ; Balanced                ;
; Carry Chain Length                                               ; 70                 ; 70                      ;
; Auto Carry Chains                                                ; On                 ; On                      ;
; Auto Open-Drain Pins                                             ; On                 ; On                      ;
; Perform WYSIWYG Primitive Resynthesis                            ; Off                ; Off                     ;
; Auto ROM Replacement                                             ; On                 ; On                      ;
; Auto RAM Replacement                                             ; On                 ; On                      ;
; Auto DSP Block Replacement                                       ; On                 ; On                      ;
; Auto Shift Register Replacement                                  ; Auto               ; Auto                    ;
; Allow Shift Register Merging across Hierarchies                  ; Auto               ; Auto                    ;
; Auto Clock Enable Replacement                                    ; On                 ; On                      ;
; Strict RAM Replacement                                           ; Off                ; Off                     ;
; Allow Synchronous Control Signals                                ; On                 ; On                      ;
; Force Use of Synchronous Clear Signals                           ; Off                ; Off                     ;
; Auto RAM Block Balancing                                         ; On                 ; On                      ;
; Auto RAM to Logic Cell Conversion                                ; Off                ; Off                     ;
; Auto Resource Sharing                                            ; Off                ; Off                     ;
; Allow Any RAM Size For Recognition                               ; Off                ; Off                     ;
; Allow Any ROM Size For Recognition                               ; Off                ; Off                     ;
; Allow Any Shift Register Size For Recognition                    ; Off                ; Off                     ;
; Use LogicLock Constraints during Resource Balancing              ; On                 ; On                      ;
; Ignore translate_off and synthesis_off directives                ; Off                ; Off                     ;
; Timing-Driven Synthesis                                          ; On                 ; On                      ;
; Report Parameter Settings                                        ; On                 ; On                      ;
; Report Source Assignments                                        ; On                 ; On                      ;
; Report Connectivity Checks                                       ; On                 ; On                      ;
; Ignore Maximum Fan-Out Assignments                               ; Off                ; Off                     ;
; Synchronization Register Chain Length                            ; 2                  ; 2                       ;
; Power Optimization During Synthesis                              ; Normal compilation ; Normal compilation      ;
; HDL message level                                                ; Level2             ; Level2                  ;
; Suppress Register Optimization Related Messages                  ; Off                ; Off                     ;
; Number of Removed Registers Reported in Synthesis Report         ; 5000               ; 5000                    ;
; Number of Swept Nodes Reported in Synthesis Report               ; 5000               ; 5000                    ;
; Number of Inverted Registers Reported in Synthesis Report        ; 100                ; 100                     ;
; Clock MUX Protection                                             ; On                 ; On                      ;
; Auto Gated Clock Conversion                                      ; Off                ; Off                     ;
; Block Design Naming                                              ; Auto               ; Auto                    ;
; SDC constraint protection                                        ; Off                ; Off                     ;
; Synthesis Effort                                                 ; Auto               ; Auto                    ;
; Shift Register Replacement - Allow Asynchronous Clear Signal     ; On                 ; On                      ;
; Pre-Mapping Resynthesis Optimization                             ; Off                ; Off                     ;
; Analysis & Synthesis Message Level                               ; Medium             ; Medium                  ;
; Disable Register Merging Across Hierarchies                      ; Auto               ; Auto                    ;
; Resource Aware Inference For Block RAM                           ; On                 ; On                      ;
+------------------------------------------------------------------+--------------------+-------------------------+


+------------------------------------------+
; Parallel Compilation                     ;
+----------------------------+-------------+
; Processors                 ; Number      ;
+----------------------------+-------------+
; Number detected on machine ; 4           ;
; Maximum allowed            ; 2           ;
;                            ;             ;
; Average used               ; 1.00        ;
; Maximum used               ; 1           ;
;                            ;             ;
; Usage by Processor         ; % Time Used ;
;     Processor 1            ; 100.0%      ;
+----------------------------+-------------+


+----------------------------------------------------------------------------------------------------------------------------------------------------------------------------------------------------+
; Analysis & Synthesis Source Files Read                                                                                                                                                             ;
+----------------------------------+-----------------+------------------------------------------+------------------------------------------------------------------------------------------+---------+
; File Name with User-Entered Path ; Used in Netlist ; File Type                                ; File Name with Absolute Path                                                             ; Library ;
+----------------------------------+-----------------+------------------------------------------+------------------------------------------------------------------------------------------+---------+
; displayLedsEntradaSaida.bdf      ; yes             ; User Block Diagram/Schematic File        ; /home/loki0b/eecs/cin/cin0007/ALU-SD/displayLedsEntradaSaida/displayLedsEntradaSaida.bdf ;         ;
; halfAdder.bdf                    ; yes             ; User Block Diagram/Schematic File        ; /home/loki0b/eecs/cin/cin0007/ALU-SD/displayLedsEntradaSaida/halfAdder.bdf               ;         ;
; fullAdder.bdf                    ; yes             ; User Block Diagram/Schematic File        ; /home/loki0b/eecs/cin/cin0007/ALU-SD/displayLedsEntradaSaida/fullAdder.bdf               ;         ;
; detector_1010.bdf                ; yes             ; User Block Diagram/Schematic File        ; /home/loki0b/eecs/cin/cin0007/ALU-SD/displayLedsEntradaSaida/detector_1010.bdf           ;         ;
; multiplexer_2x1.bdf              ; yes             ; User Block Diagram/Schematic File        ; /home/loki0b/eecs/cin/cin0007/ALU-SD/displayLedsEntradaSaida/multiplexer_2x1.bdf         ;         ;
; multiplexer_2x1_4bits.bdf        ; yes             ; User Block Diagram/Schematic File        ; /home/loki0b/eecs/cin/cin0007/ALU-SD/displayLedsEntradaSaida/multiplexer_2x1_4bits.bdf   ;         ;
; adder4Bits.bdf                   ; yes             ; User Block Diagram/Schematic File        ; /home/loki0b/eecs/cin/cin0007/ALU-SD/displayLedsEntradaSaida/adder4Bits.bdf              ;         ;
; subtrator.bdf                    ; yes             ; User Block Diagram/Schematic File        ; /home/loki0b/eecs/cin/cin0007/ALU-SD/displayLedsEntradaSaida/subtrator.bdf               ;         ;
; inputDisplay.bdf                 ; yes             ; User Block Diagram/Schematic File        ; /home/loki0b/eecs/cin/cin0007/ALU-SD/displayLedsEntradaSaida/inputDisplay.bdf            ;         ;
; decoderBCD7segments.bdf          ; yes             ; Auto-Found Block Diagram/Schematic File  ; /home/loki0b/eecs/cin/cin0007/ALU-SD/displayLedsEntradaSaida/decoderBCD7segments.bdf     ;         ;
+----------------------------------+-----------------+------------------------------------------+------------------------------------------------------------------------------------------+---------+


+----------------------------------------------------------+
; Analysis & Synthesis Resource Usage Summary              ;
+---------------------------------------------+------------+
; Resource                                    ; Usage      ;
+---------------------------------------------+------------+
; Estimated Total logic elements              ; 16         ;
;                                             ;            ;
; Total combinational functions               ; 16         ;
; Logic element usage by number of LUT inputs ;            ;
;     -- 4 input functions                    ; 14         ;
;     -- 3 input functions                    ; 2          ;
;     -- <=2 input functions                  ; 0          ;
;                                             ;            ;
; Logic elements by mode                      ;            ;
;     -- normal mode                          ; 16         ;
;     -- arithmetic mode                      ; 0          ;
;                                             ;            ;
; Total registers                             ; 0          ;
;     -- Dedicated logic registers            ; 0          ;
;     -- I/O registers                        ; 0          ;
;                                             ;            ;
; I/O pins                                    ; 48         ;
;                                             ;            ;
; Embedded Multiplier 9-bit elements          ; 0          ;
;                                             ;            ;
; Maximum fan-out node                        ; A[3]~input ;
; Maximum fan-out                             ; 9          ;
; Total fan-out                               ; 142        ;
; Average fan-out                             ; 1.27       ;
+---------------------------------------------+------------+


+-------------------------------------------------------------------------------------------------------------------------------------------------------------------------------------------------------------------------------------------------------------------------------------+
; Analysis & Synthesis Resource Utilization by Entity                                                                                                                                                                                                                                 ;
+--------------------------------------+---------------------+---------------------------+-------------+--------------+---------+-----------+------+--------------+--------------------------------------------------------------------------+-------------------------+--------------+
; Compilation Hierarchy Node           ; Combinational ALUTs ; Dedicated Logic Registers ; Memory Bits ; DSP Elements ; DSP 9x9 ; DSP 18x18 ; Pins ; Virtual Pins ; Full Hierarchy Name                                                      ; Entity Name             ; Library Name ;
+--------------------------------------+---------------------+---------------------------+-------------+--------------+---------+-----------+------+--------------+--------------------------------------------------------------------------+-------------------------+--------------+
; |inputDisplay                        ; 16 (0)              ; 0 (0)                     ; 0           ; 0            ; 0       ; 0         ; 48   ; 0            ; |inputDisplay                                                            ; inputDisplay            ; work         ;
;    |displayLedsEntradaSaida:inst1|   ; 8 (0)               ; 0 (0)                     ; 0           ; 0            ; 0       ; 0         ; 0    ; 0            ; |inputDisplay|displayLedsEntradaSaida:inst1                              ; displayLedsEntradaSaida ; work         ;
;       |decoderBCD7segments:display2| ; 7 (7)               ; 0 (0)                     ; 0           ; 0            ; 0       ; 0         ; 0    ; 0            ; |inputDisplay|displayLedsEntradaSaida:inst1|decoderBCD7segments:display2 ; decoderBCD7segments     ; work         ;
;       |detector_1010:inst|           ; 1 (1)               ; 0 (0)                     ; 0           ; 0            ; 0       ; 0         ; 0    ; 0            ; |inputDisplay|displayLedsEntradaSaida:inst1|detector_1010:inst           ; detector_1010           ; work         ;
;    |displayLedsEntradaSaida:inst|    ; 8 (0)               ; 0 (0)                     ; 0           ; 0            ; 0       ; 0         ; 0    ; 0            ; |inputDisplay|displayLedsEntradaSaida:inst                               ; displayLedsEntradaSaida ; work         ;
;       |decoderBCD7segments:display2| ; 7 (7)               ; 0 (0)                     ; 0           ; 0            ; 0       ; 0         ; 0    ; 0            ; |inputDisplay|displayLedsEntradaSaida:inst|decoderBCD7segments:display2  ; decoderBCD7segments     ; work         ;
;       |detector_1010:inst|           ; 1 (1)               ; 0 (0)                     ; 0           ; 0            ; 0       ; 0         ; 0    ; 0            ; |inputDisplay|displayLedsEntradaSaida:inst|detector_1010:inst            ; detector_1010           ; work         ;
+--------------------------------------+---------------------+---------------------------+-------------+--------------+---------+-----------+------+--------------+--------------------------------------------------------------------------+-------------------------+--------------+
Note: For table entries with two numbers listed, the numbers in parentheses indicate the number of resources of the given type used by the specific entity alone. The numbers listed outside of parentheses indicate the total resources of the given type used by the specific entity and all of its sub-entities in the hierarchy.


+------------------------------------------------------+
; General Register Statistics                          ;
+----------------------------------------------+-------+
; Statistic                                    ; Value ;
+----------------------------------------------+-------+
; Total registers                              ; 0     ;
; Number of registers using Synchronous Clear  ; 0     ;
; Number of registers using Synchronous Load   ; 0     ;
; Number of registers using Asynchronous Clear ; 0     ;
; Number of registers using Asynchronous Load  ; 0     ;
; Number of registers using Clock Enable       ; 0     ;
; Number of registers using Preset             ; 0     ;
+----------------------------------------------+-------+


+-----------------------------------------------------+
; Post-Synthesis Netlist Statistics for Top Partition ;
+-----------------------+-----------------------------+
; Type                  ; Count                       ;
+-----------------------+-----------------------------+
; boundary_port         ; 48                          ;
; cycloneiii_lcell_comb ; 18                          ;
;     normal            ; 18                          ;
;         0 data inputs ; 2                           ;
;         3 data inputs ; 2                           ;
;         4 data inputs ; 14                          ;
;                       ;                             ;
; Max LUT depth         ; 1.00                        ;
; Average LUT depth     ; 0.86                        ;
+-----------------------+-----------------------------+


+-------------------------------+
; Elapsed Time Per Partition    ;
+----------------+--------------+
; Partition Name ; Elapsed Time ;
+----------------+--------------+
; Top            ; 00:00:01     ;
+----------------+--------------+


+-------------------------------+
; Analysis & Synthesis Messages ;
+-------------------------------+
Info: *******************************************************************
Info: Running Quartus Prime Analysis & Synthesis
    Info: Version 24.1std.0 Build 1077 03/04/2025 SC Lite Edition
    Info: Processing started: Mon Nov  3 15:09:28 2025
Info: Command: quartus_map --read_settings_files=on --write_settings_files=off displayLedsEntradaSaida -c displayLedsEntradaSaida
Warning (18236): Number of processors has not been specified which may cause overloading on shared machines.  Set the global assignment NUM_PARALLEL_PROCESSORS in your QSF to an appropriate value for best performance.
Info (20030): Parallel compilation is enabled and will use 2 of the 2 processors detected
Info (12021): Found 1 design units, including 1 entities, in source file displayLedsEntradaSaida.bdf
    Info (12023): Found entity 1: displayLedsEntradaSaida
Info (12021): Found 1 design units, including 1 entities, in source file halfAdder.bdf
    Info (12023): Found entity 1: halfAdder
Info (12021): Found 1 design units, including 1 entities, in source file fullAdder.bdf
    Info (12023): Found entity 1: fullAdder
Info (12021): Found 1 design units, including 1 entities, in source file detector_1010.bdf
    Info (12023): Found entity 1: detector_1010
Info (12021): Found 1 design units, including 1 entities, in source file multiplexer_2x1.bdf
    Info (12023): Found entity 1: multiplexer_2x1
Info (12021): Found 1 design units, including 1 entities, in source file multiplexer_2x1_4bits.bdf
    Info (12023): Found entity 1: multiplexer_2x1_4bits
Info (12021): Found 1 design units, including 1 entities, in source file adder4Bits.bdf
    Info (12023): Found entity 1: adder4Bits
Info (12021): Found 1 design units, including 1 entities, in source file subtrator.bdf
    Info (12023): Found entity 1: subtrator
Info (12021): Found 1 design units, including 1 entities, in source file inputDisplay.bdf
    Info (12023): Found entity 1: inputDisplay
Info (12021): Found 1 design units, including 1 entities, in source file outputDisplay.bdf
    Info (12023): Found entity 1: outputDisplay
Info (12021): Found 1 design units, including 1 entities, in source file detector_01010_10100_11110.bdf
    Info (12023): Found entity 1: detector_01010_10100_11110
Info (12021): Found 1 design units, including 1 entities, in source file adder_5bits.bdf
    Info (12023): Found entity 1: adder_5bits
Info (12021): Found 1 design units, including 1 entities, in source file subtrator_5bits_01010.bdf
    Info (12023): Found entity 1: subtrator_5bits_01010
Info (12021): Found 1 design units, including 1 entities, in source file subtrator_5bits_11110.bdf
    Info (12023): Found entity 1: subtrator_5bits_11110
Info (12021): Found 1 design units, including 1 entities, in source file subtrator_5bits_10100.bdf
    Info (12023): Found entity 1: subtrator_5bits_10100
Info (12021): Found 1 design units, including 1 entities, in source file multiplexer4x1.bdf
    Info (12023): Found entity 1: multiplexer4x1
Info (12021): Found 1 design units, including 1 entities, in source file multiplexer_16x4_4x1.bdf
    Info (12023): Found entity 1: multiplexer_16x4_4x1
Info (12127): Elaborating entity "inputDisplay" for the top level hierarchy
Info (12128): Elaborating entity "displayLedsEntradaSaida" for hierarchy "displayLedsEntradaSaida:inst"
Warning (12125): Using design file decoderBCD7segments.bdf, which is not specified as a design file for the current project, but contains definitions for 1 design units and 1 entities in project
    Info (12023): Found entity 1: decoderBCD7segments
Info (12128): Elaborating entity "decoderBCD7segments" for hierarchy "displayLedsEntradaSaida:inst|decoderBCD7segments:display1"
Info (12128): Elaborating entity "detector_1010" for hierarchy "displayLedsEntradaSaida:inst|detector_1010:inst"
Info (12128): Elaborating entity "multiplexer_2x1_4bits" for hierarchy "displayLedsEntradaSaida:inst|multiplexer_2x1_4bits:mult"
Info (12128): Elaborating entity "multiplexer_2x1" for hierarchy "displayLedsEntradaSaida:inst|multiplexer_2x1_4bits:mult|multiplexer_2x1:inst"
Info (12128): Elaborating entity "subtrator" for hierarchy "displayLedsEntradaSaida:inst|subtrator:subt"
Info (12128): Elaborating entity "adder4Bits" for hierarchy "displayLedsEntradaSaida:inst|subtrator:subt|adder4Bits:add4"
Warning (275008): Primitive "GND" of instance "inst5" not used
Info (12128): Elaborating entity "halfAdder" for hierarchy "displayLedsEntradaSaida:inst|subtrator:subt|adder4Bits:add4|halfAdder:inst"
Info (12128): Elaborating entity "fullAdder" for hierarchy "displayLedsEntradaSaida:inst|subtrator:subt|adder4Bits:add4|fullAdder:inst4"
Warning (13024): Output pins are stuck at VCC or GND
    Warning (13410): Pin "A_display1_b" is stuck at GND
    Warning (13410): Pin "A_display1_c" is stuck at GND
    Warning (13410): Pin "A_display1_g" is stuck at VCC
    Warning (13410): Pin "B_display1_b" is stuck at GND
    Warning (13410): Pin "B_display1_c" is stuck at GND
    Warning (13410): Pin "B_display1_g" is stuck at VCC
Info (286030): Timing-Driven Synthesis is running
Info (16010): Generating hard_block partition "hard_block:auto_generated_inst"
    Info (16011): Adding 0 node(s), including 0 DDIO, 0 PLL, 0 transceiver and 0 LCELL
Info (21057): Implemented 64 device resources after synthesis - the final resource count might be different
    Info (21058): Implemented 10 input pins
    Info (21059): Implemented 38 output pins
    Info (21061): Implemented 16 logic cells
Info: Quartus Prime Analysis & Synthesis was successful. 0 errors, 10 warnings
    Info: Peak virtual memory: 359 megabytes
    Info: Processing ended: Mon Nov  3 15:09:42 2025
    Info: Elapsed time: 00:00:14
    Info: Total CPU time (on all processors): 00:00:33


