Flow report for displayLedsEntradaSaida
Tue Nov 04 09:02:12 2025
Quartus Prime Version 17.1.0 Build 590 10/25/2017 SJ Lite Edition


---------------------
; Table of Contents ;
---------------------
  1. Legal Notice
  2. Flow Summary
  3. Flow Settings
  4. Flow Non-Default Global Settings
  5. Flow Elapsed Time
  6. Flow OS Summary
  7. Flow Log
  8. Flow Messages
  9. Flow Suppressed Messages



----------------
; Legal Notice ;
----------------
Copyright (C) 2017  Intel Corporation. All rights reserved.
Your use of Intel Corporation's design tools, logic functions 
and other software and tools, and its AMPP partner logic 
functions, and any output files from any of the foregoing 
(including device programming or simulation files), and any 
associated documentation or information are expressly subject 
to the terms and conditions of the Intel Program License 
Subscription Agreement, the Intel Quartus Prime License Agreement,
the Intel FPGA IP License Agreement, or other applicable license
agreement, including, without limitation, that your use is for
the sole purpose of programming logic devices manufactured by
Intel and sold by Intel or its authorized distributors.  Please
refer to the applicable agreement for further details.



+----------------------------------------------------------------------------------+
; Flow Summary                                                                     ;
+------------------------------------+---------------------------------------------+
; Flow Status                        ; Successful - Tue Nov 04 09:02:09 2025       ;
; Quartus Prime Version              ; 17.1.0 Build 590 10/25/2017 SJ Lite Edition ;
; Revision Name                      ; displayLedsEntradaSaida                     ;
; Top-level Entity Name              ; outputDisplay                               ;
; Family                             ; Cyclone IV E                                ;
; Device                             ; EP4CE115F29C7                               ;
; Timing Models                      ; Final                                       ;
; Total logic elements               ; 15 / 114,480 ( < 1 % )                      ;
;     Total combinational functions  ; 15 / 114,480 ( < 1 % )                      ;
;     Dedicated logic registers      ; 0 / 114,480 ( 0 % )                         ;
; Total registers                    ; 0                                           ;
; Total pins                         ; 33 / 529 ( 6 % )                            ;
; Total virtual pins                 ; 0                                           ;
; Total memory bits                  ; 0 / 3,981,312 ( 0 % )                       ;
; Embedded Multiplier 9-bit elements ; 0 / 532 ( 0 % )                             ;
; Total PLLs                         ; 0 / 4 ( 0 % )                               ;
+------------------------------------+---------------------------------------------+


+---------------------------------------------+
; Flow Settings                               ;
+-------------------+-------------------------+
; Option            ; Setting                 ;
+-------------------+-------------------------+
; Start date & time ; 11/04/2025 09:01:49     ;
; Main task         ; Compilation             ;
; Revision Name     ; displayLedsEntradaSaida ;
+-------------------+-------------------------+


+------------------------------------------------------------------------------------------------------------------------------------------------------------+
; Flow Non-Default Global Settings                                                                                                                           ;
+-------------------------------------+----------------------------------------+-------------------------+---------------+-----------------------------------+
; Assignment Name                     ; Value                                  ; Default Value           ; Entity Name   ; Section Id                        ;
+-------------------------------------+----------------------------------------+-------------------------+---------------+-----------------------------------+
; COMPILER_SIGNATURE_ID               ; 238368719731819.176225770911564        ; --                      ; --            ; --                                ;
; EDA_GENERATE_FUNCTIONAL_NETLIST     ; Off                                    ; --                      ; --            ; eda_board_design_timing           ;
; EDA_GENERATE_FUNCTIONAL_NETLIST     ; Off                                    ; --                      ; --            ; eda_board_design_boundary_scan    ;
; EDA_GENERATE_FUNCTIONAL_NETLIST     ; Off                                    ; --                      ; --            ; eda_board_design_signal_integrity ;
; EDA_GENERATE_FUNCTIONAL_NETLIST     ; Off                                    ; --                      ; --            ; eda_board_design_symbol           ;
; MAX_CORE_JUNCTION_TEMP              ; 85                                     ; --                      ; --            ; --                                ;
; MIN_CORE_JUNCTION_TEMP              ; 0                                      ; --                      ; --            ; --                                ;
; PARTITION_COLOR                     ; -- (Not supported for targeted family) ; --                      ; outputDisplay ; Top                               ;
; PARTITION_FITTER_PRESERVATION_LEVEL ; -- (Not supported for targeted family) ; --                      ; outputDisplay ; Top                               ;
; PARTITION_NETLIST_TYPE              ; -- (Not supported for targeted family) ; --                      ; outputDisplay ; Top                               ;
; PROJECT_OUTPUT_DIRECTORY            ; output_files                           ; --                      ; --            ; --                                ;
; TOP_LEVEL_ENTITY                    ; outputDisplay                          ; displayLedsEntradaSaida ; --            ; --                                ;
+-------------------------------------+----------------------------------------+-------------------------+---------------+-----------------------------------+


+-------------------------------------------------------------------------------------------------------------------------------+
; Flow Elapsed Time                                                                                                             ;
+---------------------------+--------------+-------------------------+---------------------+------------------------------------+
; Module Name               ; Elapsed Time ; Average Processors Used ; Peak Virtual Memory ; Total CPU Time (on all processors) ;
+---------------------------+--------------+-------------------------+---------------------+------------------------------------+
; Analysis & Synthesis      ; 00:00:09     ; 1.0                     ; 4782 MB             ; 00:00:05                           ;
; Fitter                    ; 00:00:08     ; 1.0                     ; 6715 MB             ; 00:00:09                           ;
; Assembler                 ; 00:00:02     ; 1.0                     ; 4687 MB             ; 00:00:02                           ;
; TimeQuest Timing Analyzer ; 00:00:02     ; 1.1                     ; 4981 MB             ; 00:00:01                           ;
; Total                     ; 00:00:21     ; --                      ; --                  ; 00:00:17                           ;
+---------------------------+--------------+-------------------------+---------------------+------------------------------------+


+-----------------------------------------------------------------------------------------+
; Flow OS Summary                                                                         ;
+---------------------------+------------------+------------+------------+----------------+
; Module Name               ; Machine Hostname ; OS Name    ; OS Version ; Processor type ;
+---------------------------+------------------+------------+------------+----------------+
; Analysis & Synthesis      ; HWC29            ; Windows 10 ; 10.0       ; x86_64         ;
; Fitter                    ; HWC29            ; Windows 10 ; 10.0       ; x86_64         ;
; Assembler                 ; HWC29            ; Windows 10 ; 10.0       ; x86_64         ;
; TimeQuest Timing Analyzer ; HWC29            ; Windows 10 ; 10.0       ; x86_64         ;
+---------------------------+------------------+------------+------------+----------------+


------------
; Flow Log ;
------------
quartus_map --read_settings_files=on --write_settings_files=off displayLedsEntradaSaida -c displayLedsEntradaSaida
quartus_fit --read_settings_files=off --write_settings_files=off displayLedsEntradaSaida -c displayLedsEntradaSaida
quartus_asm --read_settings_files=off --write_settings_files=off displayLedsEntradaSaida -c displayLedsEntradaSaida
quartus_sta displayLedsEntradaSaida -c displayLedsEntradaSaida



