Analysis & Synthesis report for ALUcomLEDS
Tue Nov  4 12:14:10 2025
Quartus Prime Version 21.1.1 Build 850 06/23/2022 SJ Lite Edition


---------------------
; Table of Contents ;
---------------------
  1. Legal Notice
  2. Analysis & Synthesis Summary
  3. Analysis & Synthesis Settings
  4. Parallel Compilation
  5. Analysis & Synthesis Source Files Read
  6. Analysis & Synthesis Resource Usage Summary
  7. Analysis & Synthesis Resource Utilization by Entity
  8. General Register Statistics
  9. Post-Synthesis Netlist Statistics for Top Partition
 10. Elapsed Time Per Partition
 11. Analysis & Synthesis Messages



----------------
; Legal Notice ;
----------------
Copyright (C) 2022  Intel Corporation. All rights reserved.
Your use of Intel Corporation's design tools, logic functions 
and other software and tools, and any partner logic 
functions, and any output files from any of the foregoing 
(including device programming or simulation files), and any 
associated documentation or information are expressly subject 
to the terms and conditions of the Intel Program License 
Subscription Agreement, the Intel Quartus Prime License Agreement,
the Intel FPGA IP License Agreement, or other applicable license
agreement, including, without limitation, that your use is for
the sole purpose of programming logic devices manufactured by
Intel and sold by Intel or its authorized distributors.  Please
refer to the applicable agreement for further details, at
https://fpgasoftware.intel.com/eula.



+----------------------------------------------------------------------------------+
; Analysis & Synthesis Summary                                                     ;
+------------------------------------+---------------------------------------------+
; Analysis & Synthesis Status        ; Successful - Tue Nov  4 12:14:10 2025       ;
; Quartus Prime Version              ; 21.1.1 Build 850 06/23/2022 SJ Lite Edition ;
; Revision Name                      ; ALUcomLEDS                                  ;
; Top-level Entity Name              ; ALUcomLEDS                                  ;
; Family                             ; Cyclone IV E                                ;
; Total logic elements               ; 129                                         ;
;     Total combinational functions  ; 129                                         ;
;     Dedicated logic registers      ; 0                                           ;
; Total registers                    ; 0                                           ;
; Total pins                         ; 82                                          ;
; Total virtual pins                 ; 0                                           ;
; Total memory bits                  ; 0                                           ;
; Embedded Multiplier 9-bit elements ; 0                                           ;
; Total PLLs                         ; 0                                           ;
+------------------------------------+---------------------------------------------+


+------------------------------------------------------------------------------------------------------------+
; Analysis & Synthesis Settings                                                                              ;
+------------------------------------------------------------------+--------------------+--------------------+
; Option                                                           ; Setting            ; Default Value      ;
+------------------------------------------------------------------+--------------------+--------------------+
; Device                                                           ; EP4CE115F29C7      ;                    ;
; Top-level entity name                                            ; ALUcomLEDS         ; ALUcomLEDS         ;
; Family name                                                      ; Cyclone IV E       ; Cyclone V          ;
; Use smart compilation                                            ; Off                ; Off                ;
; Enable parallel Assembler and Timing Analyzer during compilation ; On                 ; On                 ;
; Enable compact report table                                      ; Off                ; Off                ;
; Restructure Multiplexers                                         ; Auto               ; Auto               ;
; Create Debugging Nodes for IP Cores                              ; Off                ; Off                ;
; Preserve fewer node names                                        ; On                 ; On                 ;
; Intel FPGA IP Evaluation Mode                                    ; Enable             ; Enable             ;
; Verilog Version                                                  ; Verilog_2001       ; Verilog_2001       ;
; VHDL Version                                                     ; VHDL_1993          ; VHDL_1993          ;
; State Machine Processing                                         ; Auto               ; Auto               ;
; Safe State Machine                                               ; Off                ; Off                ;
; Extract Verilog State Machines                                   ; On                 ; On                 ;
; Extract VHDL State Machines                                      ; On                 ; On                 ;
; Ignore Verilog initial constructs                                ; Off                ; Off                ;
; Iteration limit for constant Verilog loops                       ; 5000               ; 5000               ;
; Iteration limit for non-constant Verilog loops                   ; 250                ; 250                ;
; Add Pass-Through Logic to Inferred RAMs                          ; On                 ; On                 ;
; Infer RAMs from Raw Logic                                        ; On                 ; On                 ;
; Parallel Synthesis                                               ; On                 ; On                 ;
; DSP Block Balancing                                              ; Auto               ; Auto               ;
; NOT Gate Push-Back                                               ; On                 ; On                 ;
; Power-Up Don't Care                                              ; On                 ; On                 ;
; Remove Redundant Logic Cells                                     ; Off                ; Off                ;
; Remove Duplicate Registers                                       ; On                 ; On                 ;
; Ignore CARRY Buffers                                             ; Off                ; Off                ;
; Ignore CASCADE Buffers                                           ; Off                ; Off                ;
; Ignore GLOBAL Buffers                                            ; Off                ; Off                ;
; Ignore ROW GLOBAL Buffers                                        ; Off                ; Off                ;
; Ignore LCELL Buffers                                             ; Off                ; Off                ;
; Ignore SOFT Buffers                                              ; On                 ; On                 ;
; Limit AHDL Integers to 32 Bits                                   ; Off                ; Off                ;
; Optimization Technique                                           ; Balanced           ; Balanced           ;
; Carry Chain Length                                               ; 70                 ; 70                 ;
; Auto Carry Chains                                                ; On                 ; On                 ;
; Auto Open-Drain Pins                                             ; On                 ; On                 ;
; Perform WYSIWYG Primitive Resynthesis                            ; Off                ; Off                ;
; Auto ROM Replacement                                             ; On                 ; On                 ;
; Auto RAM Replacement                                             ; On                 ; On                 ;
; Auto DSP Block Replacement                                       ; On                 ; On                 ;
; Auto Shift Register Replacement                                  ; Auto               ; Auto               ;
; Allow Shift Register Merging across Hierarchies                  ; Auto               ; Auto               ;
; Auto Clock Enable Replacement                                    ; On                 ; On                 ;
; Strict RAM Replacement                                           ; Off                ; Off                ;
; Allow Synchronous Control Signals                                ; On                 ; On                 ;
; Force Use of Synchronous Clear Signals                           ; Off                ; Off                ;
; Auto RAM Block Balancing                                         ; On                 ; On                 ;
; Auto RAM to Logic Cell Conversion                                ; Off                ; Off                ;
; Auto Resource Sharing                                            ; Off                ; Off                ;
; Allow Any RAM Size For Recognition                               ; Off                ; Off                ;
; Allow Any ROM Size For Recognition                               ; Off                ; Off                ;
; Allow Any Shift Register Size For Recognition                    ; Off                ; Off                ;
; Use LogicLock Constraints during Resource Balancing              ; On                 ; On                 ;
; Ignore translate_off and synthesis_off directives                ; Off                ; Off                ;
; Timing-Driven Synthesis                                          ; On                 ; On                 ;
; Report Parameter Settings                                        ; On                 ; On                 ;
; Report Source Assignments                                        ; On                 ; On                 ;
; Report Connectivity Checks                                       ; On                 ; On                 ;
; Ignore Maximum Fan-Out Assignments                               ; Off                ; Off                ;
; Synchronization Register Chain Length                            ; 2                  ; 2                  ;
; Power Optimization During Synthesis                              ; Normal compilation ; Normal compilation ;
; HDL message level                                                ; Level2             ; Level2             ;
; Suppress Register Optimization Related Messages                  ; Off                ; Off                ;
; Number of Removed Registers Reported in Synthesis Report         ; 5000               ; 5000               ;
; Number of Swept Nodes Reported in Synthesis Report               ; 5000               ; 5000               ;
; Number of Inverted Registers Reported in Synthesis Report        ; 100                ; 100                ;
; Clock MUX Protection                                             ; On                 ; On                 ;
; Auto Gated Clock Conversion                                      ; Off                ; Off                ;
; Block Design Naming                                              ; Auto               ; Auto               ;
; SDC constraint protection                                        ; Off                ; Off                ;
; Synthesis Effort                                                 ; Auto               ; Auto               ;
; Shift Register Replacement - Allow Asynchronous Clear Signal     ; On                 ; On                 ;
; Pre-Mapping Resynthesis Optimization                             ; Off                ; Off                ;
; Analysis & Synthesis Message Level                               ; Medium             ; Medium             ;
; Disable Register Merging Across Hierarchies                      ; Auto               ; Auto               ;
; Resource Aware Inference For Block RAM                           ; On                 ; On                 ;
+------------------------------------------------------------------+--------------------+--------------------+


+------------------------------------------+
; Parallel Compilation                     ;
+----------------------------+-------------+
; Processors                 ; Number      ;
+----------------------------+-------------+
; Number detected on machine ; 16          ;
; Maximum allowed            ; 16          ;
;                            ;             ;
; Average used               ; 1.00        ;
; Maximum used               ; 1           ;
;                            ;             ;
; Usage by Processor         ; % Time Used ;
;     Processor 1            ; 100.0%      ;
+----------------------------+-------------+


+-------------------------------------------------------------------------------------------------------------------------------------------------------------------------------------------+
; Analysis & Synthesis Source Files Read                                                                                                                                                    ;
+----------------------------------+-----------------+------------------------------------------+---------------------------------------------------------------------------------+---------+
; File Name with User-Entered Path ; Used in Netlist ; File Type                                ; File Name with Absolute Path                                                    ; Library ;
+----------------------------------+-----------------+------------------------------------------+---------------------------------------------------------------------------------+---------+
; ALUcomLEDS.bdf                   ; yes             ; User Block Diagram/Schematic File        ; D:/Users/hgl/eecs/ALU-SD/ALUcomLEDS/ALUcomLEDS.bdf                              ;         ;
; alu.bdf                          ; yes             ; Auto-Found Block Diagram/Schematic File  ; D:/Users/hgl/eecs/ALU-SD/alu/alu.bdf                                            ;         ;
; muxsinal.bdf                     ; yes             ; Auto-Found Block Diagram/Schematic File  ; D:/Users/hgl/eecs/ALU-SD/muxsinal/muxsinal.bdf                                  ;         ;
; unidadelogica.bdf                ; yes             ; Auto-Found Block Diagram/Schematic File  ; D:/Users/hgl/eecs/ALU-SD/unidadelogica/unidadelogica.bdf                        ;         ;
; comparador.bdf                   ; yes             ; Auto-Found Block Diagram/Schematic File  ; D:/Users/hgl/eecs/ALU-SD/comparador/comparador.bdf                              ;         ;
; opand.bdf                        ; yes             ; Auto-Found Block Diagram/Schematic File  ; D:/Users/hgl/eecs/ALU-SD/and/opand.bdf                                          ;         ;
; opxor.bdf                        ; yes             ; Auto-Found Block Diagram/Schematic File  ; D:/Users/hgl/eecs/ALU-SD/xor/opxor.bdf                                          ;         ;
; conversor5bitspara6bits.bdf      ; yes             ; Auto-Found Block Diagram/Schematic File  ; D:/Users/hgl/eecs/ALU-SD/conversor5bitspara6bits/conversor5bitspara6bits.bdf    ;         ;
; muxdozeseis.bdf                  ; yes             ; Auto-Found Block Diagram/Schematic File  ; D:/Users/hgl/eecs/ALU-SD/muxdozeseis/muxdozeseis.bdf                            ;         ;
; complementodois.bdf              ; yes             ; Auto-Found Block Diagram/Schematic File  ; D:/Users/hgl/eecs/ALU-SD/complementodois/complementodois.bdf                    ;         ;
; somador.bdf                      ; yes             ; Auto-Found Block Diagram/Schematic File  ; D:/Users/hgl/eecs/ALU-SD/somador/somador.bdf                                    ;         ;
; muxmagnitude.bdf                 ; yes             ; Auto-Found Block Diagram/Schematic File  ; D:/Users/hgl/eecs/ALU-SD/muxmagnitude/muxmagnitude.bdf                          ;         ;
; minimux.bdf                      ; yes             ; Auto-Found Block Diagram/Schematic File  ; D:/Users/hgl/eecs/ALU-SD/minimux/minimux.bdf                                    ;         ;
; unidadeandxor.bdf                ; yes             ; Auto-Found Block Diagram/Schematic File  ; D:/Users/hgl/eecs/ALU-SD/unidadeandxor/unidadeandxor.bdf                        ;         ;
; unidadearitmetica.bdf            ; yes             ; Auto-Found Block Diagram/Schematic File  ; D:/Users/hgl/eecs/ALU-SD/unidadearitmetica/unidadearitmetica.bdf                ;         ;
; descomplementador.bdf            ; yes             ; Auto-Found Block Diagram/Schematic File  ; D:/Users/hgl/eecs/ALU-SD/descomplementador/descomplementador.bdf                ;         ;
; somadorseisbits.bdf              ; yes             ; Auto-Found Block Diagram/Schematic File  ; d:/users/hgl/eecs/alu-sd/somadorseisbits/somadorseisbits.bdf                    ;         ;
; subtrator6bits.bdf               ; yes             ; Auto-Found Block Diagram/Schematic File  ; D:/Users/hgl/eecs/ALU-SD/subtrator6bits/subtrator6bits.bdf                      ;         ;
; displayinput.bdf                 ; yes             ; Auto-Found Block Diagram/Schematic File  ; D:/Users/hgl/eecs/ALU-SD/displayinput/displayinput.bdf                          ;         ;
; decoderbcd7segments.bdf          ; yes             ; Auto-Found Block Diagram/Schematic File  ; D:/Users/hgl/eecs/ALU-SD/displayledsentradasaida/decoderbcd7segments.bdf        ;         ;
; detector_1010.bdf                ; yes             ; Auto-Found Block Diagram/Schematic File  ; D:/Users/hgl/eecs/ALU-SD/displayledsentradasaida/detector_1010.bdf              ;         ;
; multiplexer_2x1_4bits.bdf        ; yes             ; Auto-Found Block Diagram/Schematic File  ; D:/Users/hgl/eecs/ALU-SD/displayledsentradasaida/multiplexer_2x1_4bits.bdf      ;         ;
; multiplexer_2x1.bdf              ; yes             ; Auto-Found Block Diagram/Schematic File  ; D:/Users/hgl/eecs/ALU-SD/displayledsentradasaida/multiplexer_2x1.bdf            ;         ;
; subtratorde1010.bdf              ; yes             ; Auto-Found Block Diagram/Schematic File  ; D:/Users/hgl/eecs/ALU-SD/displayledsentradasaida/subtratorde1010.bdf            ;         ;
; adder4bits.bdf                   ; yes             ; Auto-Found Block Diagram/Schematic File  ; D:/Users/hgl/eecs/ALU-SD/displayledsentradasaida/adder4bits.bdf                 ;         ;
; halfadder.bdf                    ; yes             ; Auto-Found Block Diagram/Schematic File  ; D:/Users/hgl/eecs/ALU-SD/displayledsentradasaida/halfadder.bdf                  ;         ;
; fulladder.bdf                    ; yes             ; Auto-Found Block Diagram/Schematic File  ; D:/Users/hgl/eecs/ALU-SD/displayledsentradasaida/fulladder.bdf                  ;         ;
; displayoutput.bdf                ; yes             ; Auto-Found Block Diagram/Schematic File  ; D:/Users/hgl/eecs/ALU-SD/displayoutput/displayoutput.bdf                        ;         ;
; detector_01010_10100_11110.bdf   ; yes             ; Auto-Found Block Diagram/Schematic File  ; D:/Users/hgl/eecs/ALU-SD/displayledsentradasaida/detector_01010_10100_11110.bdf ;         ;
; multiplexer_16x4_4x1.bdf         ; yes             ; Auto-Found Block Diagram/Schematic File  ; D:/Users/hgl/eecs/ALU-SD/displayledsentradasaida/multiplexer_16x4_4x1.bdf       ;         ;
; multiplexer4x1.bdf               ; yes             ; Auto-Found Block Diagram/Schematic File  ; D:/Users/hgl/eecs/ALU-SD/displayledsentradasaida/multiplexer4x1.bdf             ;         ;
; subtrator_5bits_11110.bdf        ; yes             ; Auto-Found Block Diagram/Schematic File  ; D:/Users/hgl/eecs/ALU-SD/displayledsentradasaida/subtrator_5bits_11110.bdf      ;         ;
; adder_5bits.bdf                  ; yes             ; Auto-Found Block Diagram/Schematic File  ; D:/Users/hgl/eecs/ALU-SD/displayledsentradasaida/adder_5bits.bdf                ;         ;
; subtrator_5bits_10100.bdf        ; yes             ; Auto-Found Block Diagram/Schematic File  ; D:/Users/hgl/eecs/ALU-SD/displayledsentradasaida/subtrator_5bits_10100.bdf      ;         ;
; subtrator_5bits_01010.bdf        ; yes             ; Auto-Found Block Diagram/Schematic File  ; D:/Users/hgl/eecs/ALU-SD/displayledsentradasaida/subtrator_5bits_01010.bdf      ;         ;
; bcd_signal.bdf                   ; yes             ; Auto-Found Block Diagram/Schematic File  ; D:/Users/hgl/eecs/ALU-SD/displayledsentradasaida/output_files/bcd_signal.bdf    ;         ;
; mux7segmentos.bdf                ; yes             ; Auto-Found Block Diagram/Schematic File  ; D:/Users/hgl/eecs/ALU-SD/mux7segmentos/mux7segmentos.bdf                        ;         ;
; minimux7seg.bdf                  ; yes             ; Auto-Found Block Diagram/Schematic File  ; D:/Users/hgl/eecs/ALU-SD/minimux7seg/minimux7seg.bdf                            ;         ;
+----------------------------------+-----------------+------------------------------------------+---------------------------------------------------------------------------------+---------+


+----------------------------------------------------------+
; Analysis & Synthesis Resource Usage Summary              ;
+---------------------------------------------+------------+
; Resource                                    ; Usage      ;
+---------------------------------------------+------------+
; Estimated Total logic elements              ; 129        ;
;                                             ;            ;
; Total combinational functions               ; 129        ;
; Logic element usage by number of LUT inputs ;            ;
;     -- 4 input functions                    ; 95         ;
;     -- 3 input functions                    ; 25         ;
;     -- <=2 input functions                  ; 9          ;
;                                             ;            ;
; Logic elements by mode                      ;            ;
;     -- normal mode                          ; 129        ;
;     -- arithmetic mode                      ; 0          ;
;                                             ;            ;
; Total registers                             ; 0          ;
;     -- Dedicated logic registers            ; 0          ;
;     -- I/O registers                        ; 0          ;
;                                             ;            ;
; I/O pins                                    ; 82         ;
;                                             ;            ;
; Embedded Multiplier 9-bit elements          ; 0          ;
;                                             ;            ;
; Maximum fan-out node                        ; B[0]~input ;
; Maximum fan-out                             ; 30         ;
; Total fan-out                               ; 611        ;
; Average fan-out                             ; 2.09       ;
+---------------------------------------------+------------+


+----------------------------------------------------------------------------------------------------------------------------------------------------------------------------------------------------------------------------------------------------------------------------------------------------------------------------+
; Analysis & Synthesis Resource Utilization by Entity                                                                                                                                                                                                                                                                        ;
+-------------------------------------------+---------------------+---------------------------+-------------+--------------+---------+-----------+------+--------------+---------------------------------------------------------------------------------------------------------+----------------------------+--------------+
; Compilation Hierarchy Node                ; Combinational ALUTs ; Dedicated Logic Registers ; Memory Bits ; DSP Elements ; DSP 9x9 ; DSP 18x18 ; Pins ; Virtual Pins ; Full Hierarchy Name                                                                                     ; Entity Name                ; Library Name ;
+-------------------------------------------+---------------------+---------------------------+-------------+--------------+---------+-----------+------+--------------+---------------------------------------------------------------------------------------------------------+----------------------------+--------------+
; |ALUcomLEDS                               ; 129 (0)             ; 0 (0)                     ; 0           ; 0            ; 0       ; 0         ; 82   ; 0            ; |ALUcomLEDS                                                                                             ; ALUcomLEDS                 ; work         ;
;    |ALU:inst|                             ; 83 (0)              ; 0 (0)                     ; 0           ; 0            ; 0       ; 0         ; 0    ; 0            ; |ALUcomLEDS|ALU:inst                                                                                    ; ALU                        ; work         ;
;       |Conversor5bitspara6bits:inst2|     ; 5 (0)               ; 0 (0)                     ; 0           ; 0            ; 0       ; 0         ; 0    ; 0            ; |ALUcomLEDS|ALU:inst|Conversor5bitspara6bits:inst2                                                      ; Conversor5bitspara6bits    ; work         ;
;          |ComplementoDois:inst|           ; 1 (0)               ; 0 (0)                     ; 0           ; 0            ; 0       ; 0         ; 0    ; 0            ; |ALUcomLEDS|ALU:inst|Conversor5bitspara6bits:inst2|ComplementoDois:inst                                 ; ComplementoDois            ; work         ;
;             |Somador:inst10|              ; 1 (1)               ; 0 (0)                     ; 0           ; 0            ; 0       ; 0         ; 0    ; 0            ; |ALUcomLEDS|ALU:inst|Conversor5bitspara6bits:inst2|ComplementoDois:inst|Somador:inst10                  ; Somador                    ; work         ;
;          |MUXDozeSeis:inst3|              ; 4 (4)               ; 0 (0)                     ; 0           ; 0            ; 0       ; 0         ; 0    ; 0            ; |ALUcomLEDS|ALU:inst|Conversor5bitspara6bits:inst2|MUXDozeSeis:inst3                                    ; MUXDozeSeis                ; work         ;
;       |Conversor5bitspara6bits:inst3|     ; 6 (0)               ; 0 (0)                     ; 0           ; 0            ; 0       ; 0         ; 0    ; 0            ; |ALUcomLEDS|ALU:inst|Conversor5bitspara6bits:inst3                                                      ; Conversor5bitspara6bits    ; work         ;
;          |ComplementoDois:inst|           ; 2 (0)               ; 0 (0)                     ; 0           ; 0            ; 0       ; 0         ; 0    ; 0            ; |ALUcomLEDS|ALU:inst|Conversor5bitspara6bits:inst3|ComplementoDois:inst                                 ; ComplementoDois            ; work         ;
;             |Somador:inst12|              ; 1 (1)               ; 0 (0)                     ; 0           ; 0            ; 0       ; 0         ; 0    ; 0            ; |ALUcomLEDS|ALU:inst|Conversor5bitspara6bits:inst3|ComplementoDois:inst|Somador:inst12                  ; Somador                    ; work         ;
;             |Somador:inst8|               ; 1 (1)               ; 0 (0)                     ; 0           ; 0            ; 0       ; 0         ; 0    ; 0            ; |ALUcomLEDS|ALU:inst|Conversor5bitspara6bits:inst3|ComplementoDois:inst|Somador:inst8                   ; Somador                    ; work         ;
;          |MUXDozeSeis:inst3|              ; 4 (4)               ; 0 (0)                     ; 0           ; 0            ; 0       ; 0         ; 0    ; 0            ; |ALUcomLEDS|ALU:inst|Conversor5bitspara6bits:inst3|MUXDozeSeis:inst3                                    ; MUXDozeSeis                ; work         ;
;       |MuxMagnitude:inst5|                ; 36 (0)              ; 0 (0)                     ; 0           ; 0            ; 0       ; 0         ; 0    ; 0            ; |ALUcomLEDS|ALU:inst|MuxMagnitude:inst5                                                                 ; MuxMagnitude               ; work         ;
;          |miniMux:inst1|                  ; 6 (6)               ; 0 (0)                     ; 0           ; 0            ; 0       ; 0         ; 0    ; 0            ; |ALUcomLEDS|ALU:inst|MuxMagnitude:inst5|miniMux:inst1                                                   ; miniMux                    ; work         ;
;          |miniMux:inst2|                  ; 8 (8)               ; 0 (0)                     ; 0           ; 0            ; 0       ; 0         ; 0    ; 0            ; |ALUcomLEDS|ALU:inst|MuxMagnitude:inst5|miniMux:inst2                                                   ; miniMux                    ; work         ;
;          |miniMux:inst3|                  ; 6 (6)               ; 0 (0)                     ; 0           ; 0            ; 0       ; 0         ; 0    ; 0            ; |ALUcomLEDS|ALU:inst|MuxMagnitude:inst5|miniMux:inst3                                                   ; miniMux                    ; work         ;
;          |miniMux:inst4|                  ; 10 (10)             ; 0 (0)                     ; 0           ; 0            ; 0       ; 0         ; 0    ; 0            ; |ALUcomLEDS|ALU:inst|MuxMagnitude:inst5|miniMux:inst4                                                   ; miniMux                    ; work         ;
;          |miniMux:inst5|                  ; 3 (3)               ; 0 (0)                     ; 0           ; 0            ; 0       ; 0         ; 0    ; 0            ; |ALUcomLEDS|ALU:inst|MuxMagnitude:inst5|miniMux:inst5                                                   ; miniMux                    ; work         ;
;          |miniMux:inst|                   ; 3 (3)               ; 0 (0)                     ; 0           ; 0            ; 0       ; 0         ; 0    ; 0            ; |ALUcomLEDS|ALU:inst|MuxMagnitude:inst5|miniMux:inst                                                    ; miniMux                    ; work         ;
;       |MuxSinal:inst4|                    ; 13 (13)             ; 0 (0)                     ; 0           ; 0            ; 0       ; 0         ; 0    ; 0            ; |ALUcomLEDS|ALU:inst|MuxSinal:inst4                                                                     ; MuxSinal                   ; work         ;
;       |UnidadeAritmetica:inst|            ; 23 (0)              ; 0 (0)                     ; 0           ; 0            ; 0       ; 0         ; 0    ; 0            ; |ALUcomLEDS|ALU:inst|UnidadeAritmetica:inst                                                             ; UnidadeAritmetica          ; work         ;
;          |ComplementoDois:inst77|         ; 1 (0)               ; 0 (0)                     ; 0           ; 0            ; 0       ; 0         ; 0    ; 0            ; |ALUcomLEDS|ALU:inst|UnidadeAritmetica:inst|ComplementoDois:inst77                                      ; ComplementoDois            ; work         ;
;             |Somador:inst12|              ; 1 (1)               ; 0 (0)                     ; 0           ; 0            ; 0       ; 0         ; 0    ; 0            ; |ALUcomLEDS|ALU:inst|UnidadeAritmetica:inst|ComplementoDois:inst77|Somador:inst12                       ; Somador                    ; work         ;
;          |Descomplementador:inst1|        ; 2 (0)               ; 0 (0)                     ; 0           ; 0            ; 0       ; 0         ; 0    ; 0            ; |ALUcomLEDS|ALU:inst|UnidadeAritmetica:inst|Descomplementador:inst1                                     ; Descomplementador          ; work         ;
;             |ComplementoDois:inst|        ; 2 (0)               ; 0 (0)                     ; 0           ; 0            ; 0       ; 0         ; 0    ; 0            ; |ALUcomLEDS|ALU:inst|UnidadeAritmetica:inst|Descomplementador:inst1|ComplementoDois:inst                ; ComplementoDois            ; work         ;
;                |Somador:inst10|           ; 2 (2)               ; 0 (0)                     ; 0           ; 0            ; 0       ; 0         ; 0    ; 0            ; |ALUcomLEDS|ALU:inst|UnidadeAritmetica:inst|Descomplementador:inst1|ComplementoDois:inst|Somador:inst10 ; Somador                    ; work         ;
;          |Descomplementador:inst2|        ; 2 (0)               ; 0 (0)                     ; 0           ; 0            ; 0       ; 0         ; 0    ; 0            ; |ALUcomLEDS|ALU:inst|UnidadeAritmetica:inst|Descomplementador:inst2                                     ; Descomplementador          ; work         ;
;             |ComplementoDois:inst|        ; 2 (0)               ; 0 (0)                     ; 0           ; 0            ; 0       ; 0         ; 0    ; 0            ; |ALUcomLEDS|ALU:inst|UnidadeAritmetica:inst|Descomplementador:inst2|ComplementoDois:inst                ; ComplementoDois            ; work         ;
;                |Somador:inst10|           ; 1 (1)               ; 0 (0)                     ; 0           ; 0            ; 0       ; 0         ; 0    ; 0            ; |ALUcomLEDS|ALU:inst|UnidadeAritmetica:inst|Descomplementador:inst2|ComplementoDois:inst|Somador:inst10 ; Somador                    ; work         ;
;                |Somador:inst8|            ; 1 (1)               ; 0 (0)                     ; 0           ; 0            ; 0       ; 0         ; 0    ; 0            ; |ALUcomLEDS|ALU:inst|UnidadeAritmetica:inst|Descomplementador:inst2|ComplementoDois:inst|Somador:inst8  ; Somador                    ; work         ;
;          |SomadorSeisBits:inst|           ; 9 (0)               ; 0 (0)                     ; 0           ; 0            ; 0       ; 0         ; 0    ; 0            ; |ALUcomLEDS|ALU:inst|UnidadeAritmetica:inst|SomadorSeisBits:inst                                        ; SomadorSeisBits            ; work         ;
;             |Somador:inst2|               ; 1 (1)               ; 0 (0)                     ; 0           ; 0            ; 0       ; 0         ; 0    ; 0            ; |ALUcomLEDS|ALU:inst|UnidadeAritmetica:inst|SomadorSeisBits:inst|Somador:inst2                          ; Somador                    ; work         ;
;             |Somador:inst3|               ; 3 (3)               ; 0 (0)                     ; 0           ; 0            ; 0       ; 0         ; 0    ; 0            ; |ALUcomLEDS|ALU:inst|UnidadeAritmetica:inst|SomadorSeisBits:inst|Somador:inst3                          ; Somador                    ; work         ;
;             |Somador:inst4|               ; 3 (3)               ; 0 (0)                     ; 0           ; 0            ; 0       ; 0         ; 0    ; 0            ; |ALUcomLEDS|ALU:inst|UnidadeAritmetica:inst|SomadorSeisBits:inst|Somador:inst4                          ; Somador                    ; work         ;
;             |Somador:inst5|               ; 1 (1)               ; 0 (0)                     ; 0           ; 0            ; 0       ; 0         ; 0    ; 0            ; |ALUcomLEDS|ALU:inst|UnidadeAritmetica:inst|SomadorSeisBits:inst|Somador:inst5                          ; Somador                    ; work         ;
;             |Somador:inst6|               ; 1 (1)               ; 0 (0)                     ; 0           ; 0            ; 0       ; 0         ; 0    ; 0            ; |ALUcomLEDS|ALU:inst|UnidadeAritmetica:inst|SomadorSeisBits:inst|Somador:inst6                          ; Somador                    ; work         ;
;          |Subtrator6bits:inst99|          ; 9 (0)               ; 0 (0)                     ; 0           ; 0            ; 0       ; 0         ; 0    ; 0            ; |ALUcomLEDS|ALU:inst|UnidadeAritmetica:inst|Subtrator6bits:inst99                                       ; Subtrator6bits             ; work         ;
;             |ComplementoDois:inst1|       ; 2 (0)               ; 0 (0)                     ; 0           ; 0            ; 0       ; 0         ; 0    ; 0            ; |ALUcomLEDS|ALU:inst|UnidadeAritmetica:inst|Subtrator6bits:inst99|ComplementoDois:inst1                 ; ComplementoDois            ; work         ;
;                |Somador:inst10|           ; 1 (1)               ; 0 (0)                     ; 0           ; 0            ; 0       ; 0         ; 0    ; 0            ; |ALUcomLEDS|ALU:inst|UnidadeAritmetica:inst|Subtrator6bits:inst99|ComplementoDois:inst1|Somador:inst10  ; Somador                    ; work         ;
;                |Somador:inst12|           ; 1 (1)               ; 0 (0)                     ; 0           ; 0            ; 0       ; 0         ; 0    ; 0            ; |ALUcomLEDS|ALU:inst|UnidadeAritmetica:inst|Subtrator6bits:inst99|ComplementoDois:inst1|Somador:inst12  ; Somador                    ; work         ;
;             |SomadorSeisBits:inst|        ; 7 (0)               ; 0 (0)                     ; 0           ; 0            ; 0       ; 0         ; 0    ; 0            ; |ALUcomLEDS|ALU:inst|UnidadeAritmetica:inst|Subtrator6bits:inst99|SomadorSeisBits:inst                  ; SomadorSeisBits            ; work         ;
;                |Somador:inst2|            ; 2 (2)               ; 0 (0)                     ; 0           ; 0            ; 0       ; 0         ; 0    ; 0            ; |ALUcomLEDS|ALU:inst|UnidadeAritmetica:inst|Subtrator6bits:inst99|SomadorSeisBits:inst|Somador:inst2    ; Somador                    ; work         ;
;                |Somador:inst3|            ; 2 (2)               ; 0 (0)                     ; 0           ; 0            ; 0       ; 0         ; 0    ; 0            ; |ALUcomLEDS|ALU:inst|UnidadeAritmetica:inst|Subtrator6bits:inst99|SomadorSeisBits:inst|Somador:inst3    ; Somador                    ; work         ;
;                |Somador:inst4|            ; 2 (2)               ; 0 (0)                     ; 0           ; 0            ; 0       ; 0         ; 0    ; 0            ; |ALUcomLEDS|ALU:inst|UnidadeAritmetica:inst|Subtrator6bits:inst99|SomadorSeisBits:inst|Somador:inst4    ; Somador                    ; work         ;
;                |Somador:inst6|            ; 1 (1)               ; 0 (0)                     ; 0           ; 0            ; 0       ; 0         ; 0    ; 0            ; |ALUcomLEDS|ALU:inst|UnidadeAritmetica:inst|Subtrator6bits:inst99|SomadorSeisBits:inst|Somador:inst6    ; Somador                    ; work         ;
;    |DisplayInput:inst1|                   ; 8 (0)               ; 0 (0)                     ; 0           ; 0            ; 0       ; 0         ; 0    ; 0            ; |ALUcomLEDS|DisplayInput:inst1                                                                          ; DisplayInput               ; work         ;
;       |decoderBCD7segments:display2|      ; 7 (7)               ; 0 (0)                     ; 0           ; 0            ; 0       ; 0         ; 0    ; 0            ; |ALUcomLEDS|DisplayInput:inst1|decoderBCD7segments:display2                                             ; decoderBCD7segments        ; work         ;
;       |detector_1010:inst|                ; 1 (1)               ; 0 (0)                     ; 0           ; 0            ; 0       ; 0         ; 0    ; 0            ; |ALUcomLEDS|DisplayInput:inst1|detector_1010:inst                                                       ; detector_1010              ; work         ;
;    |DisplayInput:inst2|                   ; 8 (0)               ; 0 (0)                     ; 0           ; 0            ; 0       ; 0         ; 0    ; 0            ; |ALUcomLEDS|DisplayInput:inst2                                                                          ; DisplayInput               ; work         ;
;       |decoderBCD7segments:display2|      ; 7 (7)               ; 0 (0)                     ; 0           ; 0            ; 0       ; 0         ; 0    ; 0            ; |ALUcomLEDS|DisplayInput:inst2|decoderBCD7segments:display2                                             ; decoderBCD7segments        ; work         ;
;       |detector_1010:inst|                ; 1 (1)               ; 0 (0)                     ; 0           ; 0            ; 0       ; 0         ; 0    ; 0            ; |ALUcomLEDS|DisplayInput:inst2|detector_1010:inst                                                       ; detector_1010              ; work         ;
;    |DisplayOutput:inst3|                  ; 23 (0)              ; 0 (0)                     ; 0           ; 0            ; 0       ; 0         ; 0    ; 0            ; |ALUcomLEDS|DisplayOutput:inst3                                                                         ; DisplayOutput              ; work         ;
;       |decoderBCD7segments:display0|      ; 7 (7)               ; 0 (0)                     ; 0           ; 0            ; 0       ; 0         ; 0    ; 0            ; |ALUcomLEDS|DisplayOutput:inst3|decoderBCD7segments:display0                                            ; decoderBCD7segments        ; work         ;
;       |decoderBCD7segments:display1|      ; 2 (2)               ; 0 (0)                     ; 0           ; 0            ; 0       ; 0         ; 0    ; 0            ; |ALUcomLEDS|DisplayOutput:inst3|decoderBCD7segments:display1                                            ; decoderBCD7segments        ; work         ;
;       |detector_01010_10100_11110:inst10| ; 4 (4)               ; 0 (0)                     ; 0           ; 0            ; 0       ; 0         ; 0    ; 0            ; |ALUcomLEDS|DisplayOutput:inst3|detector_01010_10100_11110:inst10                                       ; detector_01010_10100_11110 ; work         ;
;       |multiplexer_16x4_4x1:inst5|        ; 10 (0)              ; 0 (0)                     ; 0           ; 0            ; 0       ; 0         ; 0    ; 0            ; |ALUcomLEDS|DisplayOutput:inst3|multiplexer_16x4_4x1:inst5                                              ; multiplexer_16x4_4x1       ; work         ;
;          |multiplexer4x1:inst1|           ; 2 (2)               ; 0 (0)                     ; 0           ; 0            ; 0       ; 0         ; 0    ; 0            ; |ALUcomLEDS|DisplayOutput:inst3|multiplexer_16x4_4x1:inst5|multiplexer4x1:inst1                         ; multiplexer4x1             ; work         ;
;          |multiplexer4x1:inst2|           ; 2 (2)               ; 0 (0)                     ; 0           ; 0            ; 0       ; 0         ; 0    ; 0            ; |ALUcomLEDS|DisplayOutput:inst3|multiplexer_16x4_4x1:inst5|multiplexer4x1:inst2                         ; multiplexer4x1             ; work         ;
;          |multiplexer4x1:inst3|           ; 2 (2)               ; 0 (0)                     ; 0           ; 0            ; 0       ; 0         ; 0    ; 0            ; |ALUcomLEDS|DisplayOutput:inst3|multiplexer_16x4_4x1:inst5|multiplexer4x1:inst3                         ; multiplexer4x1             ; work         ;
;          |multiplexer4x1:inst|            ; 4 (4)               ; 0 (0)                     ; 0           ; 0            ; 0       ; 0         ; 0    ; 0            ; |ALUcomLEDS|DisplayOutput:inst3|multiplexer_16x4_4x1:inst5|multiplexer4x1:inst                          ; multiplexer4x1             ; work         ;
;    |MUX7segmentos:inst4|                  ; 7 (0)               ; 0 (0)                     ; 0           ; 0            ; 0       ; 0         ; 0    ; 0            ; |ALUcomLEDS|MUX7segmentos:inst4                                                                         ; MUX7segmentos              ; work         ;
;       |MiniMux7Seg:inst5|                 ; 1 (1)               ; 0 (0)                     ; 0           ; 0            ; 0       ; 0         ; 0    ; 0            ; |ALUcomLEDS|MUX7segmentos:inst4|MiniMux7Seg:inst5                                                       ; MiniMux7Seg                ; work         ;
;       |MiniMux7Seg:inst6|                 ; 4 (4)               ; 0 (0)                     ; 0           ; 0            ; 0       ; 0         ; 0    ; 0            ; |ALUcomLEDS|MUX7segmentos:inst4|MiniMux7Seg:inst6                                                       ; MiniMux7Seg                ; work         ;
;       |MiniMux7Seg:inst7|                 ; 1 (1)               ; 0 (0)                     ; 0           ; 0            ; 0       ; 0         ; 0    ; 0            ; |ALUcomLEDS|MUX7segmentos:inst4|MiniMux7Seg:inst7                                                       ; MiniMux7Seg                ; work         ;
;       |MiniMux7Seg:inst8|                 ; 1 (1)               ; 0 (0)                     ; 0           ; 0            ; 0       ; 0         ; 0    ; 0            ; |ALUcomLEDS|MUX7segmentos:inst4|MiniMux7Seg:inst8                                                       ; MiniMux7Seg                ; work         ;
+-------------------------------------------+---------------------+---------------------------+-------------+--------------+---------+-----------+------+--------------+---------------------------------------------------------------------------------------------------------+----------------------------+--------------+
Note: For table entries with two numbers listed, the numbers in parentheses indicate the number of resources of the given type used by the specific entity alone. The numbers listed outside of parentheses indicate the total resources of the given type used by the specific entity and all of its sub-entities in the hierarchy.


+------------------------------------------------------+
; General Register Statistics                          ;
+----------------------------------------------+-------+
; Statistic                                    ; Value ;
+----------------------------------------------+-------+
; Total registers                              ; 0     ;
; Number of registers using Synchronous Clear  ; 0     ;
; Number of registers using Synchronous Load   ; 0     ;
; Number of registers using Asynchronous Clear ; 0     ;
; Number of registers using Asynchronous Load  ; 0     ;
; Number of registers using Clock Enable       ; 0     ;
; Number of registers using Preset             ; 0     ;
+----------------------------------------------+-------+


+-----------------------------------------------------+
; Post-Synthesis Netlist Statistics for Top Partition ;
+-----------------------+-----------------------------+
; Type                  ; Count                       ;
+-----------------------+-----------------------------+
; boundary_port         ; 82                          ;
; cycloneiii_lcell_comb ; 134                         ;
;     normal            ; 134                         ;
;         0 data inputs ; 2                           ;
;         1 data inputs ; 3                           ;
;         2 data inputs ; 9                           ;
;         3 data inputs ; 25                          ;
;         4 data inputs ; 95                          ;
;                       ;                             ;
; Max LUT depth         ; 14.00                       ;
; Average LUT depth     ; 9.68                        ;
+-----------------------+-----------------------------+


+-------------------------------+
; Elapsed Time Per Partition    ;
+----------------+--------------+
; Partition Name ; Elapsed Time ;
+----------------+--------------+
; Top            ; 00:00:00     ;
+----------------+--------------+


+-------------------------------+
; Analysis & Synthesis Messages ;
+-------------------------------+
Info: *******************************************************************
Info: Running Quartus Prime Analysis & Synthesis
    Info: Version 21.1.1 Build 850 06/23/2022 SJ Lite Edition
    Info: Processing started: Tue Nov  4 12:14:00 2025
Info: Command: quartus_map --read_settings_files=on --write_settings_files=off ALUcomLEDS -c ALUcomLEDS
Warning (18236): Number of processors has not been specified which may cause overloading on shared machines.  Set the global assignment NUM_PARALLEL_PROCESSORS in your QSF to an appropriate value for best performance.
Info (20030): Parallel compilation is enabled and will use 16 of the 16 processors detected
Info (12021): Found 1 design units, including 1 entities, in source file alucomleds.bdf
    Info (12023): Found entity 1: ALUcomLEDS
Info (12127): Elaborating entity "ALUcomLEDS" for the top level hierarchy
Warning (275011): Block or symbol "DisplayInput" of instance "inst1" overlaps another block or symbol
Warning (12125): Using design file /users/hgl/eecs/alu-sd/alu/alu.bdf, which is not specified as a design file for the current project, but contains definitions for 1 design units and 1 entities in project
    Info (12023): Found entity 1: ALU
Info (12128): Elaborating entity "ALU" for hierarchy "ALU:inst"
Warning (275002): No superset bus at connection
Warning (275002): No superset bus at connection
Warning (12125): Using design file /users/hgl/eecs/alu-sd/muxsinal/muxsinal.bdf, which is not specified as a design file for the current project, but contains definitions for 1 design units and 1 entities in project
    Info (12023): Found entity 1: MuxSinal
Info (12128): Elaborating entity "MuxSinal" for hierarchy "ALU:inst|MuxSinal:inst4"
Warning (12125): Using design file /users/hgl/eecs/alu-sd/unidadelogica/unidadelogica.bdf, which is not specified as a design file for the current project, but contains definitions for 1 design units and 1 entities in project
    Info (12023): Found entity 1: UnidadeLogica
Info (12128): Elaborating entity "UnidadeLogica" for hierarchy "ALU:inst|UnidadeLogica:inst1"
Warning (12125): Using design file /users/hgl/eecs/alu-sd/comparador/comparador.bdf, which is not specified as a design file for the current project, but contains definitions for 1 design units and 1 entities in project
    Info (12023): Found entity 1: Comparador
Info (12128): Elaborating entity "Comparador" for hierarchy "ALU:inst|UnidadeLogica:inst1|Comparador:inst3"
Warning (275011): Block or symbol "AND3" of instance "inst7" overlaps another block or symbol
Warning (275011): Block or symbol "AND2" of instance "inst51" overlaps another block or symbol
Warning (12125): Using design file /users/hgl/eecs/alu-sd/and/opand.bdf, which is not specified as a design file for the current project, but contains definitions for 1 design units and 1 entities in project
    Info (12023): Found entity 1: opAND
Info (12128): Elaborating entity "opAND" for hierarchy "ALU:inst|UnidadeLogica:inst1|opAND:inst"
Warning (12125): Using design file /users/hgl/eecs/alu-sd/xor/opxor.bdf, which is not specified as a design file for the current project, but contains definitions for 1 design units and 1 entities in project
    Info (12023): Found entity 1: opXOR
Info (12128): Elaborating entity "opXOR" for hierarchy "ALU:inst|UnidadeLogica:inst1|opXOR:inst2"
Warning (12125): Using design file /users/hgl/eecs/alu-sd/conversor5bitspara6bits/conversor5bitspara6bits.bdf, which is not specified as a design file for the current project, but contains definitions for 1 design units and 1 entities in project
    Info (12023): Found entity 1: Conversor5bitspara6bits
Info (12128): Elaborating entity "Conversor5bitspara6bits" for hierarchy "ALU:inst|Conversor5bitspara6bits:inst2"
Warning (12125): Using design file /users/hgl/eecs/alu-sd/muxdozeseis/muxdozeseis.bdf, which is not specified as a design file for the current project, but contains definitions for 1 design units and 1 entities in project
    Info (12023): Found entity 1: MUXDozeSeis
Info (12128): Elaborating entity "MUXDozeSeis" for hierarchy "ALU:inst|Conversor5bitspara6bits:inst2|MUXDozeSeis:inst3"
Warning (12125): Using design file /users/hgl/eecs/alu-sd/complementodois/complementodois.bdf, which is not specified as a design file for the current project, but contains definitions for 1 design units and 1 entities in project
    Info (12023): Found entity 1: ComplementoDois
Info (12128): Elaborating entity "ComplementoDois" for hierarchy "ALU:inst|Conversor5bitspara6bits:inst2|ComplementoDois:inst"
Warning (12125): Using design file /users/hgl/eecs/alu-sd/somador/somador.bdf, which is not specified as a design file for the current project, but contains definitions for 1 design units and 1 entities in project
    Info (12023): Found entity 1: Somador
Info (12128): Elaborating entity "Somador" for hierarchy "ALU:inst|Conversor5bitspara6bits:inst2|ComplementoDois:inst|Somador:inst7"
Warning (12125): Using design file /users/hgl/eecs/alu-sd/muxmagnitude/muxmagnitude.bdf, which is not specified as a design file for the current project, but contains definitions for 1 design units and 1 entities in project
    Info (12023): Found entity 1: MuxMagnitude
Info (12128): Elaborating entity "MuxMagnitude" for hierarchy "ALU:inst|MuxMagnitude:inst5"
Warning (12125): Using design file /users/hgl/eecs/alu-sd/minimux/minimux.bdf, which is not specified as a design file for the current project, but contains definitions for 1 design units and 1 entities in project
    Info (12023): Found entity 1: miniMux
Info (12128): Elaborating entity "miniMux" for hierarchy "ALU:inst|MuxMagnitude:inst5|miniMux:inst"
Warning (12125): Using design file /users/hgl/eecs/alu-sd/unidadeandxor/unidadeandxor.bdf, which is not specified as a design file for the current project, but contains definitions for 1 design units and 1 entities in project
    Info (12023): Found entity 1: UnidadeANDXOR
Info (12128): Elaborating entity "UnidadeANDXOR" for hierarchy "ALU:inst|UnidadeANDXOR:inst6"
Warning (12125): Using design file /users/hgl/eecs/alu-sd/unidadearitmetica/unidadearitmetica.bdf, which is not specified as a design file for the current project, but contains definitions for 1 design units and 1 entities in project
    Info (12023): Found entity 1: UnidadeAritmetica
Info (12128): Elaborating entity "UnidadeAritmetica" for hierarchy "ALU:inst|UnidadeAritmetica:inst"
Warning (12125): Using design file /users/hgl/eecs/alu-sd/descomplementador/descomplementador.bdf, which is not specified as a design file for the current project, but contains definitions for 1 design units and 1 entities in project
    Info (12023): Found entity 1: Descomplementador
Info (12128): Elaborating entity "Descomplementador" for hierarchy "ALU:inst|UnidadeAritmetica:inst|Descomplementador:inst1"
Warning (12125): Using design file /users/hgl/eecs/alu-sd/somadorseisbits/somadorseisbits.bdf, which is not specified as a design file for the current project, but contains definitions for 1 design units and 1 entities in project
    Info (12023): Found entity 1: SomadorSeisBits
Info (12128): Elaborating entity "SomadorSeisBits" for hierarchy "ALU:inst|UnidadeAritmetica:inst|SomadorSeisBits:inst"
Warning (12125): Using design file /users/hgl/eecs/alu-sd/subtrator6bits/subtrator6bits.bdf, which is not specified as a design file for the current project, but contains definitions for 1 design units and 1 entities in project
    Info (12023): Found entity 1: Subtrator6bits
Info (12128): Elaborating entity "Subtrator6bits" for hierarchy "ALU:inst|UnidadeAritmetica:inst|Subtrator6bits:inst99"
Warning (12125): Using design file /users/hgl/eecs/alu-sd/displayinput/displayinput.bdf, which is not specified as a design file for the current project, but contains definitions for 1 design units and 1 entities in project
    Info (12023): Found entity 1: DisplayInput
Info (12128): Elaborating entity "DisplayInput" for hierarchy "DisplayInput:inst1"
Warning (275009): Pin "SA" not connected
Warning (12125): Using design file /users/hgl/eecs/alu-sd/displayledsentradasaida/decoderbcd7segments.bdf, which is not specified as a design file for the current project, but contains definitions for 1 design units and 1 entities in project
    Info (12023): Found entity 1: decoderBCD7segments
Info (12128): Elaborating entity "decoderBCD7segments" for hierarchy "DisplayInput:inst1|decoderBCD7segments:display1"
Warning (12125): Using design file /users/hgl/eecs/alu-sd/displayledsentradasaida/detector_1010.bdf, which is not specified as a design file for the current project, but contains definitions for 1 design units and 1 entities in project
    Info (12023): Found entity 1: detector_1010
Info (12128): Elaborating entity "detector_1010" for hierarchy "DisplayInput:inst1|detector_1010:inst"
Warning (12125): Using design file /users/hgl/eecs/alu-sd/displayledsentradasaida/multiplexer_2x1_4bits.bdf, which is not specified as a design file for the current project, but contains definitions for 1 design units and 1 entities in project
    Info (12023): Found entity 1: multiplexer_2x1_4bits
Info (12128): Elaborating entity "multiplexer_2x1_4bits" for hierarchy "DisplayInput:inst1|multiplexer_2x1_4bits:mult"
Warning (12125): Using design file /users/hgl/eecs/alu-sd/displayledsentradasaida/multiplexer_2x1.bdf, which is not specified as a design file for the current project, but contains definitions for 1 design units and 1 entities in project
    Info (12023): Found entity 1: multiplexer_2x1
Info (12128): Elaborating entity "multiplexer_2x1" for hierarchy "DisplayInput:inst1|multiplexer_2x1_4bits:mult|multiplexer_2x1:inst"
Warning (12125): Using design file /users/hgl/eecs/alu-sd/displayledsentradasaida/subtratorde1010.bdf, which is not specified as a design file for the current project, but contains definitions for 1 design units and 1 entities in project
    Info (12023): Found entity 1: subtratorde1010
Info (12128): Elaborating entity "subtratorde1010" for hierarchy "DisplayInput:inst1|subtratorde1010:inst1"
Warning (12125): Using design file /users/hgl/eecs/alu-sd/displayledsentradasaida/adder4bits.bdf, which is not specified as a design file for the current project, but contains definitions for 1 design units and 1 entities in project
    Info (12023): Found entity 1: adder4Bits
Info (12128): Elaborating entity "adder4Bits" for hierarchy "DisplayInput:inst1|subtratorde1010:inst1|adder4Bits:add4"
Warning (275008): Primitive "GND" of instance "inst5" not used
Warning (12125): Using design file /users/hgl/eecs/alu-sd/displayledsentradasaida/halfadder.bdf, which is not specified as a design file for the current project, but contains definitions for 1 design units and 1 entities in project
    Info (12023): Found entity 1: halfAdder
Info (12128): Elaborating entity "halfAdder" for hierarchy "DisplayInput:inst1|subtratorde1010:inst1|adder4Bits:add4|halfAdder:inst"
Warning (12125): Using design file /users/hgl/eecs/alu-sd/displayledsentradasaida/fulladder.bdf, which is not specified as a design file for the current project, but contains definitions for 1 design units and 1 entities in project
    Info (12023): Found entity 1: fullAdder
Info (12128): Elaborating entity "fullAdder" for hierarchy "DisplayInput:inst1|subtratorde1010:inst1|adder4Bits:add4|fullAdder:inst4"
Warning (12125): Using design file /users/hgl/eecs/alu-sd/displayoutput/displayoutput.bdf, which is not specified as a design file for the current project, but contains definitions for 1 design units and 1 entities in project
    Info (12023): Found entity 1: DisplayOutput
Info (12128): Elaborating entity "DisplayOutput" for hierarchy "DisplayOutput:inst3"
Warning (12125): Using design file /users/hgl/eecs/alu-sd/displayledsentradasaida/detector_01010_10100_11110.bdf, which is not specified as a design file for the current project, but contains definitions for 1 design units and 1 entities in project
    Info (12023): Found entity 1: detector_01010_10100_11110
Info (12128): Elaborating entity "detector_01010_10100_11110" for hierarchy "DisplayOutput:inst3|detector_01010_10100_11110:inst10"
Warning (12125): Using design file /users/hgl/eecs/alu-sd/displayledsentradasaida/multiplexer_16x4_4x1.bdf, which is not specified as a design file for the current project, but contains definitions for 1 design units and 1 entities in project
    Info (12023): Found entity 1: multiplexer_16x4_4x1
Info (12128): Elaborating entity "multiplexer_16x4_4x1" for hierarchy "DisplayOutput:inst3|multiplexer_16x4_4x1:inst5"
Warning (12125): Using design file /users/hgl/eecs/alu-sd/displayledsentradasaida/multiplexer4x1.bdf, which is not specified as a design file for the current project, but contains definitions for 1 design units and 1 entities in project
    Info (12023): Found entity 1: multiplexer4x1
Info (12128): Elaborating entity "multiplexer4x1" for hierarchy "DisplayOutput:inst3|multiplexer_16x4_4x1:inst5|multiplexer4x1:inst"
Warning (12125): Using design file /users/hgl/eecs/alu-sd/displayledsentradasaida/subtrator_5bits_11110.bdf, which is not specified as a design file for the current project, but contains definitions for 1 design units and 1 entities in project
    Info (12023): Found entity 1: subtrator_5bits_11110
Info (12128): Elaborating entity "subtrator_5bits_11110" for hierarchy "DisplayOutput:inst3|subtrator_5bits_11110:inst2"
Warning (12125): Using design file /users/hgl/eecs/alu-sd/displayledsentradasaida/adder_5bits.bdf, which is not specified as a design file for the current project, but contains definitions for 1 design units and 1 entities in project
    Info (12023): Found entity 1: adder_5bits
Info (12128): Elaborating entity "adder_5bits" for hierarchy "DisplayOutput:inst3|subtrator_5bits_11110:inst2|adder_5bits:inst"
Warning (275080): Converted elements in bus name "B" using legacy naming rules. Make any assignments on the new names, not on the original names.
    Warning (275081): Converted element name(s) from "B[0]" to "B0"
    Warning (275081): Converted element name(s) from "B[1]" to "B1"
    Warning (275081): Converted element name(s) from "B[2]" to "B2"
    Warning (275081): Converted element name(s) from "B[3]" to "B3"
    Warning (275081): Converted element name(s) from "B[4]" to "B4"
Warning (12125): Using design file /users/hgl/eecs/alu-sd/displayledsentradasaida/subtrator_5bits_10100.bdf, which is not specified as a design file for the current project, but contains definitions for 1 design units and 1 entities in project
    Info (12023): Found entity 1: subtrator_5bits_10100
Info (12128): Elaborating entity "subtrator_5bits_10100" for hierarchy "DisplayOutput:inst3|subtrator_5bits_10100:inst1"
Warning (12125): Using design file /users/hgl/eecs/alu-sd/displayledsentradasaida/subtrator_5bits_01010.bdf, which is not specified as a design file for the current project, but contains definitions for 1 design units and 1 entities in project
    Info (12023): Found entity 1: subtrator_5bits_01010
Info (12128): Elaborating entity "subtrator_5bits_01010" for hierarchy "DisplayOutput:inst3|subtrator_5bits_01010:inst"
Warning (12125): Using design file /users/hgl/eecs/alu-sd/displayledsentradasaida/output_files/bcd_signal.bdf, which is not specified as a design file for the current project, but contains definitions for 1 design units and 1 entities in project
    Info (12023): Found entity 1: bcd_signal
Info (12128): Elaborating entity "bcd_signal" for hierarchy "DisplayOutput:inst3|bcd_signal:display2"
Warning (12125): Using design file /users/hgl/eecs/alu-sd/mux7segmentos/mux7segmentos.bdf, which is not specified as a design file for the current project, but contains definitions for 1 design units and 1 entities in project
    Info (12023): Found entity 1: MUX7segmentos
Info (12128): Elaborating entity "MUX7segmentos" for hierarchy "MUX7segmentos:inst4"
Warning (12125): Using design file /users/hgl/eecs/alu-sd/minimux7seg/minimux7seg.bdf, which is not specified as a design file for the current project, but contains definitions for 1 design units and 1 entities in project
    Info (12023): Found entity 1: MiniMux7Seg
Info (12128): Elaborating entity "MiniMux7Seg" for hierarchy "MUX7segmentos:inst4|MiniMux7Seg:inst5"
Warning (13024): Output pins are stuck at VCC or GND
    Warning (13410): Pin "displayb8" is stuck at GND
    Warning (13410): Pin "displayb9" is stuck at GND
    Warning (13410): Pin "displayb13" is stuck at VCC
    Warning (13410): Pin "displaya8" is stuck at GND
    Warning (13410): Pin "displaya9" is stuck at GND
    Warning (13410): Pin "displaya13" is stuck at VCC
    Warning (13410): Pin "displayout1b" is stuck at GND
    Warning (13410): Pin "displayout2a" is stuck at VCC
    Warning (13410): Pin "displayout2b" is stuck at VCC
    Warning (13410): Pin "displayout2c" is stuck at VCC
    Warning (13410): Pin "displayout2d" is stuck at VCC
    Warning (13410): Pin "displayout2e" is stuck at VCC
    Warning (13410): Pin "displayout2f" is stuck at VCC
Info (286030): Timing-Driven Synthesis is running
Info (16010): Generating hard_block partition "hard_block:auto_generated_inst"
    Info (16011): Adding 0 node(s), including 0 DDIO, 0 PLL, 0 transceiver and 0 LCELL
Info (21057): Implemented 211 device resources after synthesis - the final resource count might be different
    Info (21058): Implemented 13 input pins
    Info (21059): Implemented 69 output pins
    Info (21061): Implemented 129 logic cells
Info: Quartus Prime Analysis & Synthesis was successful. 0 errors, 66 warnings
    Info: Peak virtual memory: 4804 megabytes
    Info: Processing ended: Tue Nov  4 12:14:10 2025
    Info: Elapsed time: 00:00:10
    Info: Total CPU time (on all processors): 00:00:09


